train/img/IDRiD_01.tif    train/label/IDRiD_01_MA.tif
train/img/IDRiD_02.tif    train/label/IDRiD_02_MA.tif
train/img/IDRiD_03.tif    train/label/IDRiD_03_MA.tif
train/img/IDRiD_04.tif    train/label/IDRiD_04_MA.tif
train/img/IDRiD_05.tif    train/label/IDRiD_05_MA.tif
train/img/IDRiD_06.tif    train/label/IDRiD_06_MA.tif
train/img/IDRiD_07.tif    train/label/IDRiD_07_MA.tif
train/img/IDRiD_08.tif    train/label/IDRiD_08_MA.tif
train/img/IDRiD_09.tif    train/label/IDRiD_09_MA.tif
train/img/IDRiD_10.tif    train/label/IDRiD_10_MA.tif
train/img/IDRiD_11.tif    train/label/IDRiD_11_MA.tif
train/img/IDRiD_12.tif    train/label/IDRiD_12_MA.tif
train/img/IDRiD_13.tif    train/label/IDRiD_13_MA.tif
train/img/IDRiD_14.tif    train/label/IDRiD_14_MA.tif
train/img/IDRiD_15.tif    train/label/IDRiD_15_MA.tif
train/img/IDRiD_16.tif    train/label/IDRiD_16_MA.tif
train/img/IDRiD_17.tif    train/label/IDRiD_17_MA.tif
train/img/IDRiD_18.tif    train/label/IDRiD_18_MA.tif
train/img/IDRiD_19.tif    train/label/IDRiD_19_MA.tif
train/img/IDRiD_20.tif    train/label/IDRiD_20_MA.tif
train/img/IDRiD_21.tif    train/label/IDRiD_21_MA.tif
train/img/IDRiD_22.tif    train/label/IDRiD_22_MA.tif
train/img/IDRiD_23.tif    train/label/IDRiD_23_MA.tif
train/img/IDRiD_24.tif    train/label/IDRiD_24_MA.tif
train/img/IDRiD_25.tif    train/label/IDRiD_25_MA.tif
train/img/IDRiD_26.tif    train/label/IDRiD_26_MA.tif
train/img/IDRiD_27.tif    train/label/IDRiD_27_MA.tif
train/img/IDRiD_28.tif    train/label/IDRiD_28_MA.tif
train/img/IDRiD_29.tif    train/label/IDRiD_29_MA.tif
train/img/IDRiD_30.tif    train/label/IDRiD_30_MA.tif
train/img/IDRiD_31.tif    train/label/IDRiD_31_MA.tif
train/img/IDRiD_32.tif    train/label/IDRiD_32_MA.tif
train/img/IDRiD_33.tif    train/label/IDRiD_33_MA.tif
train/img/IDRiD_34.tif    train/label/IDRiD_34_MA.tif
train/img/IDRiD_35.tif    train/label/IDRiD_35_MA.tif
train/img/IDRiD_36.tif    train/label/IDRiD_36_MA.tif
train/img/IDRiD_37.tif    train/label/IDRiD_37_MA.tif
train/img/IDRiD_38.tif    train/label/IDRiD_38_MA.tif
train/img/IDRiD_39.tif    train/label/IDRiD_39_MA.tif
train/img/IDRiD_40.tif    train/label/IDRiD_40_MA.tif
train/img/IDRiD_41.tif    train/label/IDRiD_41_MA.tif
train/img/IDRiD_42.tif    train/label/IDRiD_42_MA.tif
train/img/IDRiD_43.tif    train/label/IDRiD_43_MA.tif
train/img/IDRiD_44.tif    train/label/IDRiD_44_MA.tif
train/img/IDRiD_45.tif    train/label/IDRiD_45_MA.tif
train/img/IDRiD_46.tif    train/label/IDRiD_46_MA.tif
train/img/IDRiD_47.tif    train/label/IDRiD_47_MA.tif
train/img/IDRiD_48.tif    train/label/IDRiD_48_MA.tif
train/img/IDRiD_49.tif    train/label/IDRiD_49_MA.tif
train/img/IDRiD_50.tif    train/label/IDRiD_50_MA.tif
train/img/IDRiD_51.tif    train/label/IDRiD_51_MA.tif
train/img/IDRiD_52.tif    train/label/IDRiD_52_MA.tif
train/img/IDRiD_53.tif    train/label/IDRiD_53_MA.tif
train/img/IDRiD_54.tif    train/label/IDRiD_54_MA.tif
